 Недопустимый символ